[train] run 20260822_095916 starting at epoch 0/80
ep   0/79  loss 0.8828  iou 0.2338  lr 1.20e-04  23s  |  val_loss 0.8840  val_iou 0.2249  *best*  peak 9.2G
ep   1/79  loss 0.7537  iou 0.3068  lr 1.80e-04  7s  |  val_loss 0.6892  val_iou 0.3052  *best*  peak 6.5G
ep   2/79  loss 0.6949  iou 0.3437  lr 2.40e-04  7s  |  val_loss 0.6231  val_iou 0.3635  *best*  peak 6.5G
ep   3/79  loss 0.6694  iou 0.3604  lr 3.00e-04  7s  |  val_loss 0.6793  val_iou 0.3035  peak 6.5G
ep   4/79  loss 0.6377  iou 0.3811  lr 3.00e-04  7s  |  val_loss 0.7562  val_iou 0.2582  peak 6.5G
ep   5/79  loss 0.5961  iou 0.4194  lr 3.00e-04  7s  |  val_loss 0.6718  val_iou 0.3201  peak 6.5G
ep   6/79  loss 0.5943  iou 0.4197  lr 2.99e-04  7s  |  val_loss 0.5771  val_iou 0.3849  *best*  peak 6.5G
ep   7/79  loss 0.5594  iou 0.4545  lr 2.99e-04  7s  |  val_loss 0.6977  val_iou 0.2655  peak 6.5G
ep   8/79  loss 0.5690  iou 0.4456  lr 2.98e-04  7s  |  val_loss 0.5757  val_iou 0.3889  *best*  peak 6.5G
ep   9/79  loss 0.5524  iou 0.4556  lr 2.97e-04  7s  |  val_loss 0.6628  val_iou 0.4298  *best*  peak 6.5G
ep  10/79  loss 0.5318  iou 0.4716  lr 2.95e-04  7s  |  val_loss 0.5760  val_iou 0.4635  *best*  peak 6.5G
ep  11/79  loss 0.5207  iou 0.4668  lr 2.94e-04  7s  |  val_loss 0.5911  val_iou 0.4995  *best*  peak 6.5G
ep  12/79  loss 0.5121  iou 0.4885  lr 2.92e-04  7s  |  val_loss 0.5371  val_iou 0.5466  *best*  peak 6.5G
ep  13/79  loss 0.4789  iou 0.5201  lr 2.89e-04  7s  |  val_loss 0.6212  val_iou 0.4635  peak 6.5G
ep  14/79  loss 0.4744  iou 0.5138  lr 2.87e-04  7s  |  val_loss 0.5748  val_iou 0.4072  peak 6.5G
ep  15/79  loss 0.4642  iou 0.5376  lr 2.84e-04  7s  |  val_loss 0.6209  val_iou 0.4767  peak 6.5G
ep  16/79  loss 0.4570  iou 0.5378  lr 2.81e-04  7s  |  val_loss 0.5616  val_iou 0.3825  peak 6.5G
ep  17/79  loss 0.4504  iou 0.5447  lr 2.78e-04  7s  |  val_loss 0.5363  val_iou 0.4424  peak 6.5G
ep  18/79  loss 0.4530  iou 0.5447  lr 2.75e-04  7s  |  val_loss 0.6369  val_iou 0.4648  peak 6.5G
ep  19/79  loss 0.4427  iou 0.5464  lr 2.71e-04  7s  |  val_loss 0.6263  val_iou 0.4928  peak 6.5G
ep  20/79  loss 0.4433  iou 0.5467  lr 2.68e-04  7s  |  val_loss 0.5794  val_iou 0.4795  peak 6.5G
ep  21/79  loss 0.4463  iou 0.5461  lr 2.64e-04  7s  |  val_loss 0.5821  val_iou 0.4346  peak 6.5G
ep  22/79  loss 0.4558  iou 0.5427  lr 2.59e-04  7s  |  val_loss 0.5669  val_iou 0.4328  peak 6.5G
ep  23/79  loss 0.4497  iou 0.5268  lr 2.55e-04  7s  |  val_loss 0.5862  val_iou 0.4483  peak 6.5G
ep  24/79  loss 0.4663  iou 0.5618  lr 2.50e-04  7s  |  val_loss 0.5822  val_iou 0.5398  peak 6.5G
ep  25/79  loss 0.4851  iou 0.5089  lr 2.46e-04  7s  |  val_loss 0.5670  val_iou 0.3750  peak 6.5G
ep  26/79  loss 0.4115  iou 0.5798  lr 2.41e-04  7s  |  val_loss 0.5779  val_iou 0.5396  peak 6.5G
ep  27/79  loss 0.3982  iou 0.5939  lr 2.36e-04  7s  |  val_loss 0.5984  val_iou 0.5170  peak 6.5G
[gpu] throttled 0s total, 0 thermal cooldown(s)
[train] finished
